🎮 Target Device for PyTorch Tensors: cpu (Local)
============================================================
BUILDING ROLLOUT DATASET [TRAIN SPLIT]
============================================================
[DATASET] Importing preprocessed 5-min candles for AAPL...
  └─ Loaded 120727 processed 5-min candles across 8 features.
[DATASET] Importing preprocessed 5-min candles for ABBV...
  └─ Loaded 114720 processed 5-min candles across 8 features.
[DATASET] Importing preprocessed 5-min candles for ABT...
  └─ Loaded 115079 processed 5-min candles across 8 features.
[DATASET] Importing preprocessed 5-min candles for ADBE...
  └─ Loaded 111740 processed 5-min candles across 8 features.
[DATASET] Importing preprocessed 5-min candles for AMD...
  └─ Loaded 118858 processed 5-min candles across 8 features.
[DATASET] Importing preprocessed 5-min candles for AMGN...
  └─ Loaded 108273 processed 5-min candles across 8 features.
[DATASET] Importing preprocessed 5-min candles for AMZN...
  └─ Loaded 115477 processed 5-min candles across 8 features.
[DATASET] Importing preprocessed 5-min candles for AVGO...
  └─ Loaded 110239 processed 5-min candles across 8 features.
[DATASET] Importing preprocessed 5-min candles for AXP...
  └─ Loaded 111180 processed 5-min candles across 8 features.
[DATASET] Importing preprocessed 5-min candles for BA...
  └─ Loaded 114713 processed 5-min candles across 8 features.
[DATASET] Importing preprocessed 5-min candles for BAC...
  └─ Loaded 117022 processed 5-min candles across 8 features.
[DATASET] Importing preprocessed 5-min candles for BLK...
  └─ Loaded 76099 processed 5-min candles across 8 features.
[DATASET] Importing preprocessed 5-min candles for BMY...
  └─ Loaded 116255 processed 5-min candles across 8 features.
[DATASET] Importing preprocessed 5-min candles for BRK.B...
  └─ Loaded 106861 processed 5-min candles across 8 features.
[DATASET] Importing preprocessed 5-min candles for C...
  └─ Loaded 116536 processed 5-min candles across 8 features.
[DATASET] Importing preprocessed 5-min candles for CAT...
  └─ Loaded 109750 processed 5-min candles across 8 features.
[DATASET] Importing preprocessed 5-min candles for CL...
  └─ Loaded 114469 processed 5-min candles across 8 features.
[DATASET] Importing preprocessed 5-min candles for CMCSA...
  └─ Loaded 116808 processed 5-min candles across 8 features.
[DATASET] Importing preprocessed 5-min candles for COIN...
  └─ Loaded 102504 processed 5-min candles across 8 features.
[DATASET] Importing preprocessed 5-min candles for COP...
  └─ Loaded 115570 processed 5-min candles across 8 features.
[DATASET] Importing preprocessed 5-min candles for COST...
  └─ Loaded 99561 processed 5-min candles across 8 features.
[DATASET] Importing preprocessed 5-min candles for CRM...
  └─ Loaded 115875 processed 5-min candles across 8 features.
[DATASET] Importing preprocessed 5-min candles for CVX...
  └─ Loaded 115913 processed 5-min candles across 8 features.
[DATASET] Importing preprocessed 5-min candles for DE...
  └─ Loaded 103877 processed 5-min candles across 8 features.
[DATASET] Importing preprocessed 5-min candles for DHR...
  └─ Loaded 112248 processed 5-min candles across 8 features.
[DATASET] Importing preprocessed 5-min candles for DIA...
  └─ Loaded 87631 processed 5-min candles across 8 features.
[DATASET] Importing preprocessed 5-min candles for DIS...
  └─ Loaded 116353 processed 5-min candles across 8 features.
[DATASET] Importing preprocessed 5-min candles for DUK...
  └─ Loaded 109790 processed 5-min candles across 8 features.
[DATASET] Importing preprocessed 5-min candles for EOG...
  └─ Loaded 113759 processed 5-min candles across 8 features.
[DATASET] Importing preprocessed 5-min candles for FDX...
  └─ Loaded 106271 processed 5-min candles across 8 features.
[DATASET] Importing preprocessed 5-min candles for GD...
  └─ Loaded 93591 processed 5-min candles across 8 features.
[DATASET] Importing preprocessed 5-min candles for GE...
  └─ Loaded 115402 processed 5-min candles across 8 features.
[DATASET] Importing preprocessed 5-min candles for GILD...
  └─ Loaded 115872 processed 5-min candles across 8 features.
[DATASET] Importing preprocessed 5-min candles for GOOGL...
  └─ Loaded 112462 processed 5-min candles across 8 features.
[DATASET] Importing preprocessed 5-min candles for GS...
  └─ Loaded 104743 processed 5-min candles across 8 features.
[DATASET] Importing preprocessed 5-min candles for HD...
  └─ Loaded 112911 processed 5-min candles across 8 features.
[DATASET] Importing preprocessed 5-min candles for HON...
  └─ Loaded 110353 processed 5-min candles across 8 features.
[DATASET] Importing preprocessed 5-min candles for INTC...
  └─ Loaded 120571 processed 5-min candles across 8 features.
[DATASET] Importing preprocessed 5-min candles for ISRG...
  └─ Loaded 99536 processed 5-min candles across 8 features.
[DATASET] Importing preprocessed 5-min candles for IWM...
  └─ Loaded 122201 processed 5-min candles across 8 features.
[DATASET] Importing preprocessed 5-min candles for JNJ...
  └─ Loaded 115720 processed 5-min candles across 8 features.
[DATASET] Importing preprocessed 5-min candles for JPM...
  └─ Loaded 115847 processed 5-min candles across 8 features.
[DATASET] Importing preprocessed 5-min candles for KO...
  └─ Loaded 116553 processed 5-min candles across 8 features.
[DATASET] Importing preprocessed 5-min candles for LLY...
  └─ Loaded 110535 processed 5-min candles across 8 features.
[DATASET] Importing preprocessed 5-min candles for LMT...
  └─ Loaded 95728 processed 5-min candles across 8 features.
[DATASET] Importing preprocessed 5-min candles for LOW...
  └─ Loaded 112325 processed 5-min candles across 8 features.
[DATASET] Importing preprocessed 5-min candles for MA...
  └─ Loaded 111629 processed 5-min candles across 8 features.
[DATASET] Importing preprocessed 5-min candles for MCD...
  └─ Loaded 110917 processed 5-min candles across 8 features.
[DATASET] Importing preprocessed 5-min candles for MDLZ...
  └─ Loaded 115905 processed 5-min candles across 8 features.
[DATASET] Importing preprocessed 5-min candles for META...
  └─ Loaded 117587 processed 5-min candles across 8 features.
[DATASET] Importing preprocessed 5-min candles for MMM...
  └─ Loaded 109319 processed 5-min candles across 8 features.
[DATASET] Importing preprocessed 5-min candles for MO...
  └─ Loaded 115546 processed 5-min candles across 8 features.
[DATASET] Importing preprocessed 5-min candles for MPC...
  └─ Loaded 111424 processed 5-min candles across 8 features.
[DATASET] Importing preprocessed 5-min candles for MRK...
  └─ Loaded 116110 processed 5-min candles across 8 features.
[DATASET] Importing preprocessed 5-min candles for MS...
  └─ Loaded 115848 processed 5-min candles across 8 features.
[DATASET] Importing preprocessed 5-min candles for MSFT...
  └─ Loaded 118064 processed 5-min candles across 8 features.
[DATASET] Importing preprocessed 5-min candles for MU...
  └─ Loaded 118718 processed 5-min candles across 8 features.
[DATASET] Importing preprocessed 5-min candles for NEE...
  └─ Loaded 115633 processed 5-min candles across 8 features.
[DATASET] Importing preprocessed 5-min candles for NFLX...
  └─ Loaded 112155 processed 5-min candles across 8 features.
[DATASET] Importing preprocessed 5-min candles for NKE...
  └─ Loaded 116314 processed 5-min candles across 8 features.
[DATASET] Importing preprocessed 5-min candles for NOW...
  └─ Loaded 99510 processed 5-min candles across 8 features.
[DATASET] Importing preprocessed 5-min candles for NVDA...
  └─ Loaded 120984 processed 5-min candles across 8 features.
[DATASET] Importing preprocessed 5-min candles for ORCL...
  └─ Loaded 117107 processed 5-min candles across 8 features.
[DATASET] Importing preprocessed 5-min candles for PANW...
  └─ Loaded 109734 processed 5-min candles across 8 features.
[DATASET] Importing preprocessed 5-min candles for PEP...
  └─ Loaded 114353 processed 5-min candles across 8 features.
[DATASET] Importing preprocessed 5-min candles for PFE...
  └─ Loaded 119353 processed 5-min candles across 8 features.
[DATASET] Importing preprocessed 5-min candles for PG...
  └─ Loaded 115325 processed 5-min candles across 8 features.
[DATASET] Importing preprocessed 5-min candles for PM...
  └─ Loaded 113776 processed 5-min candles across 8 features.
[DATASET] Importing preprocessed 5-min candles for PSX...
  └─ Loaded 111792 processed 5-min candles across 8 features.
[DATASET] Importing preprocessed 5-min candles for PYPL...
  └─ Loaded 116826 processed 5-min candles across 8 features.
[DATASET] Importing preprocessed 5-min candles for QCOM...
  └─ Loaded 116461 processed 5-min candles across 8 features.
[DATASET] Importing preprocessed 5-min candles for QQQ...
  └─ Loaded 132263 processed 5-min candles across 8 features.
[DATASET] Importing preprocessed 5-min candles for RTX...
  └─ Loaded 114629 processed 5-min candles across 8 features.
[DATASET] Importing preprocessed 5-min candles for SBUX...
  └─ Loaded 116211 processed 5-min candles across 8 features.
[DATASET] Importing preprocessed 5-min candles for SCHW...
  └─ Loaded 116195 processed 5-min candles across 8 features.
[DATASET] Importing preprocessed 5-min candles for SLB...
  └─ Loaded 116430 processed 5-min candles across 8 features.
[DATASET] Importing preprocessed 5-min candles for SPY...
  └─ Loaded 126642 processed 5-min candles across 8 features.
[DATASET] Importing preprocessed 5-min candles for SQ...
  └─ Loaded 85842 processed 5-min candles across 8 features.
[DATASET] Importing preprocessed 5-min candles for T...
  └─ Loaded 116890 processed 5-min candles across 8 features.
[DATASET] Importing preprocessed 5-min candles for TGT...
  └─ Loaded 114252 processed 5-min candles across 8 features.
[DATASET] Importing preprocessed 5-min candles for TMO...
  └─ Loaded 104898 processed 5-min candles across 8 features.
[DATASET] Importing preprocessed 5-min candles for TMUS...
  └─ Loaded 114703 processed 5-min candles across 8 features.
[DATASET] Importing preprocessed 5-min candles for TSLA...
  └─ Loaded 120176 processed 5-min candles across 8 features.
[DATASET] Importing preprocessed 5-min candles for TXN...
  └─ Loaded 115068 processed 5-min candles across 8 features.
[DATASET] Importing preprocessed 5-min candles for UNH...
  └─ Loaded 113334 processed 5-min candles across 8 features.
[DATASET] Importing preprocessed 5-min candles for UNP...
  └─ Loaded 111937 processed 5-min candles across 8 features.
[DATASET] Importing preprocessed 5-min candles for UPS...
  └─ Loaded 113151 processed 5-min candles across 8 features.
[DATASET] Importing preprocessed 5-min candles for V...
  └─ Loaded 115794 processed 5-min candles across 8 features.
[DATASET] Importing preprocessed 5-min candles for VLO...
  └─ Loaded 112841 processed 5-min candles across 8 features.
[DATASET] Importing preprocessed 5-min candles for VRTX...
  └─ Loaded 98753 processed 5-min candles across 8 features.
[DATASET] Importing preprocessed 5-min candles for VZ...
  └─ Loaded 116516 processed 5-min candles across 8 features.
[DATASET] Importing preprocessed 5-min candles for WFC...
  └─ Loaded 116933 processed 5-min candles across 8 features.
[DATASET] Importing preprocessed 5-min candles for WMT...
  └─ Loaded 116019 processed 5-min candles across 8 features.
[DATASET] Importing preprocessed 5-min candles for XLE...
  └─ Loaded 117161 processed 5-min candles across 8 features.
[DATASET] Importing preprocessed 5-min candles for XLF...
  └─ Loaded 117137 processed 5-min candles across 8 features.
[DATASET] Importing preprocessed 5-min candles for XLK...
  └─ Loaded 112206 processed 5-min candles across 8 features.
[DATASET] Importing preprocessed 5-min candles for XLP...
  └─ Loaded 115596 processed 5-min candles across 8 features.
[DATASET] Importing preprocessed 5-min candles for XLV...
  └─ Loaded 115284 processed 5-min candles across 8 features.
[DATASET] Importing preprocessed 5-min candles for XLY...
  └─ Loaded 105258 processed 5-min candles across 8 features.
[DATASET] Importing preprocessed 5-min candles for XOM...
  └─ Loaded 116787 processed 5-min candles across 8 features.

Aligning timestamps across all 14 tickers (Outer Join)...
Time alignment complete. Total synchronized timesteps: 147760

Split boundaries -> train ends: 2025-06-30 19:45:00+00:00 | val ends: 2026-01-21 21:05:00+00:00 (train_frac=0.8, val_frac=0.1)
 Running sanity checks on [TRAIN] split...
Sanity checks passed. Final Tensor Shape: torch.Size([118208, 100, 8]) on cpu

[env] mirroring will sign-flip direction-sensitive features: ['log_ret', 'log_ret_3', 'log_ret_6', 'log_ret_12']
[probe] n_envs=100, tickers=100, rollout_length=256 (T*n_envs = 25600 transitions/rollout)
C:\workspace\code_projects\automated_daytrader\Version_2\training\ppo_hybrid.py:452: FutureWarning: `torch.cuda.amp.autocast(args...)` is deprecated. Please use `torch.amp.autocast('cuda', args...)` instead.
  with torch.cuda.amp.autocast(enabled=use_amp):

====================================================================
REWARD-SCALE PROBE (3 rollout(s), default config, mean|.| over all envs x steps)
  mean|DSR reward| = 0.046673
  mean|raw reward| = 0.000380
  ratio raw/DSR    = 0.008
  -> raw_weight grid {0.01, 0.05, 0.2}: at these ratios the raw term stays a small-to-moderate fraction of DSR. If ratio >> 1, shrink raw_weight ~10x; if ratio << 0.01, raise it.
====================================================================

